[13:30:19] [main/INFO] (FabricLoader/GameProvider) Loading Minecraft 1.21.11 with Fabric Loader 0.18.6
[13:30:20] [main/INFO] (FabricLoader) Loading 51 mods:
	- fabric-api 0.141.3+1.21.11
	- fabric-api-base 1.0.5+4ebb5c083e
	- fabric-api-lookup-api-v1 1.6.114+20dc27073e
	- fabric-biome-api-v1 17.1.1+4fc5413f3e
	- fabric-block-api-v1 1.1.10+4ebb5c083e
	- fabric-block-view-api-v2 1.0.39+4ebb5c083e
	- fabric-client-gametest-api-v1 4.3.5+bfe9fcf43e
	- fabric-command-api-v2 2.4.7+6b42a6003e
	- fabric-content-registries-v0 10.2.14+4fc5413f3e
	- fabric-convention-tags-v1 2.1.55+7f945d5b3e
	- fabric-convention-tags-v2 2.17.3+8ef948ba3e
	- fabric-crash-report-info-v1 0.3.23+4ebb5c083e
	- fabric-data-attachment-api-v1 1.8.47+eed0806f3e
	- fabric-data-generation-api-v1 23.4.0+69974c4e3e
	- fabric-dimensions-v1 4.0.28+4fc5413f3e
	- fabric-entity-events-v1 3.1.1+1d0ab4303e
	- fabric-events-interaction-v0 4.1.0+3b89ecf63e
	- fabric-game-rule-api-v1 2.0.3+4fc5413f3e
	- fabric-gametest-api-v1 3.1.27+4fc5413f3e
	- fabric-item-api-v1 11.5.20+d0c46b9e3e
	- fabric-item-group-api-v1 4.2.36+4fc5413f3e
	- fabric-key-binding-api-v1 1.1.7+4fc5413f3e
	- fabric-lifecycle-events-v1 2.6.15+4ebb5c083e
	- fabric-loot-api-v2 3.0.73+3f89f5a53e
	- fabric-loot-api-v3 2.0.20+78c8b4663e
	- fabric-message-api-v1 6.1.12+4ebb5c083e
	- fabric-model-loading-api-v1 6.0.15+4fc5413f3e
	- fabric-networking-api-v1 5.1.5+ae1e07683e
	- fabric-object-builder-api-v1 21.1.39+4fc5413f3e
	- fabric-particles-v1 4.2.11+4fc5413f3e
	- fabric-recipe-api-v1 8.2.3+4ebb5c083e
	- fabric-registry-sync-v0 6.2.5+1718722b3e
	- fabric-renderer-api-v1 8.0.3+f4ffd2e53e
	- fabric-renderer-indigo 5.0.3+f4ffd2e53e
	- fabric-rendering-fluids-v1 3.1.43+4ebb5c083e
	- fabric-rendering-v1 16.2.10+0290ad933e
	- fabric-resource-conditions-api-v1 5.0.35+4fc5413f3e
	- fabric-resource-loader-v0 3.3.4+4fc5413f3e
	- fabric-resource-loader-v1 1.0.10+78c8b4663e
	- fabric-screen-api-v1 3.1.7+4ebb5c083e
	- fabric-screen-handler-api-v1 1.3.161+4fc5413f3e
	- fabric-serialization-api-v1 1.0.5+4ebb5c083e
	- fabric-sound-api-v1 1.0.51+4fc5413f3e
	- fabric-tag-api-v1 1.2.20+4fc5413f3e
	- fabric-transfer-api-v1 6.0.25+4fc5413f3e
	- fabric-transitive-access-wideners-v1 7.1.0+014c8cec3e
	- fabricloader 0.18.6
	- java 21
	- minecraft 1.21.11
	- mixinextras 0.5.3
	- sky_peng_mod 0.0.1
[13:30:20] [main/INFO] (FabricLoader/Mixin) SpongePowered MIXIN Subsystem Version=0.8.7 Source=file:/C:/Users/%e6%99%93%e6%98%9f%e6%99%a8%e6%9b%a6/.gradle/caches/modules-2/files-2.1/net.fabricmc/sponge-mixin/0.17.0+mixin.0.8.7/cf31463202f72d03b0ef1e1e38e8ee71b7faaab6/sponge-mixin-0.17.0+mixin.0.8.7.jar Service=Knot/Fabric Env=CLIENT
[13:30:20] [main/INFO] (FabricLoader/Mixin) Loaded Fabric development mappings for mixin remapper!
[13:30:20] [main/INFO] (FabricLoader/Mixin) Compatibility level set to JAVA_21
[13:30:22] [main/INFO] (FabricLoader/MixinExtras|Service) Initializing MixinExtras via com.llamalad7.mixinextras.service.MixinExtrasServiceImpl(version=0.5.3).
[13:30:23] [Datafixer Bootstrap/INFO] (Minecraft) 287 Datafixer optimizations took 526 milliseconds
[13:30:30] [Render thread/INFO] (Minecraft) Environment: Environment[sessionHost=https://sessionserver.mojang.com, servicesHost=https://api.minecraftservices.com, profilesHost=https://api.mojang.com, name=PROD]
[13:30:30] [Render thread/INFO] (Minecraft) Setting user: Player824
[13:30:30] [Render thread/INFO] (Indigo) [Indigo] Registering Indigo renderer!
[13:30:31] [Render thread/INFO] (Minecraft) Backend library: LWJGL version 3.3.3-snapshot
[13:30:32] [Download-2/ERROR] (Minecraft) Failed to fetch user properties
com.mojang.authlib.exceptions.InvalidCredentialsException: Status: 401
	at knot//com.mojang.authlib.exceptions.MinecraftClientHttpException.toAuthenticationException(MinecraftClientHttpException.java:59)
	at knot//com.mojang.authlib.yggdrasil.YggdrasilUserApiService.fetchProperties(YggdrasilUserApiService.java:150)
	at knot//net.minecraft.client.Minecraft.method_55608(Minecraft.java:457)
	at java.base/java.util.concurrent.CompletableFuture$AsyncSupply.run$$$capture(CompletableFuture.java:1768)
	at java.base/java.util.concurrent.CompletableFuture$AsyncSupply.run(CompletableFuture.java)
	at java.base/java.util.concurrent.ThreadPoolExecutor.runWorker(ThreadPoolExecutor.java:1144)
	at java.base/java.util.concurrent.ThreadPoolExecutor$Worker.run(ThreadPoolExecutor.java:642)
	at java.base/java.lang.Thread.run(Thread.java:1583)
Caused by: com.mojang.authlib.exceptions.MinecraftClientHttpException: Status: 401
	at knot//com.mojang.authlib.minecraft.client.MinecraftClient.readInputStream(MinecraftClient.java:103)
	at knot//com.mojang.authlib.minecraft.client.MinecraftClient.get(MinecraftClient.java:56)
	at knot//com.mojang.authlib.yggdrasil.YggdrasilUserApiService.fetchProperties(YggdrasilUserApiService.java:121)
	... 6 more
[13:30:32] [Render thread/INFO] (Minecraft) Using optional rendering extensions: GL_ARB_buffer_storage, GL_KHR_debug, GL_ARB_vertex_attrib_binding, GL_ARB_direct_state_access, GL_EXT_texture_filter_anisotropic
[13:30:33] [Render thread/INFO] (Minecraft) Reloading ResourceManager: vanilla, fabric-api, fabric-api-base, fabric-api-lookup-api-v1, fabric-biome-api-v1, fabric-block-api-v1, fabric-block-view-api-v2, fabric-client-gametest-api-v1, fabric-command-api-v2, fabric-content-registries-v0, fabric-convention-tags-v1, fabric-convention-tags-v2, fabric-crash-report-info-v1, fabric-data-attachment-api-v1, fabric-data-generation-api-v1, fabric-dimensions-v1, fabric-entity-events-v1, fabric-events-interaction-v0, fabric-game-rule-api-v1, fabric-gametest-api-v1, fabric-item-api-v1, fabric-item-group-api-v1, fabric-key-binding-api-v1, fabric-lifecycle-events-v1, fabric-loot-api-v2, fabric-loot-api-v3, fabric-message-api-v1, fabric-model-loading-api-v1, fabric-networking-api-v1, fabric-object-builder-api-v1, fabric-particles-v1, fabric-recipe-api-v1, fabric-registry-sync-v0, fabric-renderer-api-v1, fabric-renderer-indigo, fabric-rendering-fluids-v1, fabric-rendering-v1, fabric-resource-conditions-api-v1, fabric-resource-loader-v0, fabric-resource-loader-v1, fabric-screen-api-v1, fabric-screen-handler-api-v1, fabric-serialization-api-v1, fabric-sound-api-v1, fabric-tag-api-v1, fabric-transfer-api-v1, fabric-transitive-access-wideners-v1, fabricloader, sky_peng_mod
[13:30:33] [Worker-Main-5/INFO] (Minecraft) Found unifont_pua-17.0.01.hex, loading
[13:30:33] [Worker-Main-2/INFO] (Minecraft) Found unifont_all_no_pua-17.0.01.hex, loading
[13:30:34] [Worker-Main-2/INFO] (Minecraft) Found unifont_jp_patch-17.0.01.hex, loading
[13:30:35] [Download-2/INFO] (Minecraft) Could not authorize you against Realms server: java.lang.RuntimeException: Failed to parse into SignedJWT: FabricMC
[13:30:35] [Download-2/ERROR] (Minecraft) Failed to fetch Realms feature flags
com.mojang.realmsclient.exception.RealmsServiceException: Realms authentication error with message 'java.lang.RuntimeException: Failed to parse into SignedJWT: FabricMC'
	at knot//com.mojang.realmsclient.client.RealmsClient.execute(RealmsClient.java:526)
	at knot//com.mojang.realmsclient.client.RealmsClient.fetchFeatureFlags(RealmsClient.java:186)
	at java.base/java.util.concurrent.CompletableFuture$AsyncSupply.run$$$capture(CompletableFuture.java:1768)
	at java.base/java.util.concurrent.CompletableFuture$AsyncSupply.run(CompletableFuture.java)
	at java.base/java.util.concurrent.ThreadPoolExecutor.runWorker(ThreadPoolExecutor.java:1144)
	at java.base/java.util.concurrent.ThreadPoolExecutor$Worker.run(ThreadPoolExecutor.java:642)
	at java.base/java.lang.Thread.run(Thread.java:1583)
[13:30:35] [Render thread/INFO] (Minecraft) OpenAL initialized on device OpenAL Soft on 扬声器 (Realtek(R) Audio)
[13:30:35] [Render thread/INFO] (Minecraft) Sound engine started
[13:30:35] [Render thread/INFO] (Minecraft) Created: 512x256x0 minecraft:textures/atlas/particles.png-atlas
[13:30:35] [Render thread/INFO] (Minecraft) Created: 128x128x0 minecraft:textures/atlas/decorated_pot.png-atlas
[13:30:35] [Render thread/INFO] (Minecraft) Created: 2048x1024x0 minecraft:textures/atlas/armor_trims.png-atlas
[13:30:35] [Render thread/INFO] (Minecraft) Created: 512x256x0 minecraft:textures/atlas/paintings.png-atlas
[13:30:35] [Render thread/INFO] (Minecraft) Created: 1024x512x0 minecraft:textures/atlas/shield_patterns.png-atlas
[13:30:35] [Render thread/INFO] (Minecraft) Created: 2048x2048x4 minecraft:textures/atlas/blocks.png-atlas
[13:30:36] [Render thread/INFO] (Minecraft) Created: 512x512x0 minecraft:textures/atlas/chest.png-atlas
[13:30:36] [Render thread/INFO] (Minecraft) Created: 256x128x0 minecraft:textures/atlas/celestials.png-atlas
[13:30:36] [Render thread/INFO] (Minecraft) Created: 1024x512x0 minecraft:textures/atlas/banner_patterns.png-atlas
[13:30:36] [Render thread/INFO] (Minecraft) Created: 512x512x0 minecraft:textures/atlas/beds.png-atlas
[13:30:36] [Render thread/INFO] (Minecraft) Created: 2048x1024x0 minecraft:textures/atlas/items.png-atlas
[13:30:36] [Render thread/INFO] (Minecraft) Created: 1024x1024x0 minecraft:textures/atlas/gui.png-atlas
[13:30:36] [Render thread/INFO] (Minecraft) Created: 128x64x0 minecraft:textures/atlas/map_decorations.png-atlas
[13:30:36] [Render thread/INFO] (Minecraft) Created: 512x256x0 minecraft:textures/atlas/signs.png-atlas
[13:30:36] [Render thread/INFO] (Minecraft) Created: 512x512x0 minecraft:textures/atlas/shulker_boxes.png-atlas
[13:30:37] [IO-Worker-1/INFO] (Minecraft) Could not authorize you against Realms server: java.lang.RuntimeException: Failed to parse into SignedJWT: FabricMC
[13:30:37] [IO-Worker-1/ERROR] (Minecraft) Couldn't connect to realms
com.mojang.realmsclient.exception.RealmsServiceException: Realms authentication error with message 'java.lang.RuntimeException: Failed to parse into SignedJWT: FabricMC'
	at knot//com.mojang.realmsclient.client.RealmsClient.execute(RealmsClient.java:526)
	at knot//com.mojang.realmsclient.client.RealmsClient.clientCompatible(RealmsClient.java:307)
	at knot//com.mojang.realmsclient.RealmsAvailability.method_52627(RealmsAvailability.java:48)
	at java.base/java.util.concurrent.CompletableFuture$AsyncSupply.run$$$capture(CompletableFuture.java:1768)
	at java.base/java.util.concurrent.CompletableFuture$AsyncSupply.run(CompletableFuture.java)
	at java.base/java.util.concurrent.ThreadPoolExecutor.runWorker(ThreadPoolExecutor.java:1144)
	at java.base/java.util.concurrent.ThreadPoolExecutor$Worker.run(ThreadPoolExecutor.java:642)
	at java.base/java.lang.Thread.run(Thread.java:1583)
[13:31:36] [Render thread/INFO] (Minecraft) Loaded 1470 recipes
[13:31:36] [Render thread/INFO] (Minecraft) Loaded 1584 advancements
[13:31:37] [Render thread/INFO] (BiomeModificationImpl) Applied 0 biome modifications to 0 of 65 new biomes in 1.200 ms
[13:31:37] [Server thread/INFO] (Minecraft) Starting integrated minecraft server version 1.21.11
[13:31:37] [Server thread/INFO] (Minecraft) Generating keypair
[13:31:37] [Server thread/INFO] (Minecraft) Loading 0 persistent chunks...
[13:31:37] [Server thread/INFO] (Minecraft) 准备生成区域中：16%
[13:31:38] [Server thread/INFO] (Minecraft) Loading 49 chunks for player spawn...
[13:31:38] [Server thread/INFO] (Minecraft) 准备生成区域中：16%
[13:31:38] [Server thread/INFO] (Minecraft) 准备生成区域中：16%
[13:31:39] [Server thread/INFO] (Minecraft) 准备生成区域中：64%
[13:31:39] [Server thread/INFO] (Minecraft) Time elapsed: 1863 ms
[13:31:39] [Server thread/INFO] (Minecraft) Player824[local:E:eb3e175b] logged in with entity id 3 at (6.436842628975721, -56.00676469993787, 7.402553736319589)
[13:31:39] [Server thread/INFO] (Minecraft) Player824加入了游戏
[13:31:39] [Server thread/INFO] (Minecraft) Changing view distance to 16, from 10
[13:31:39] [Server thread/INFO] (Minecraft) Changing simulation distance to 12, from 0
[13:31:39] [Render thread/INFO] (Minecraft) [System] [CHAT] playerData:null
[13:31:39] [Render thread/INFO] (Minecraft) Loaded 5 advancements
[13:31:40] [Render thread/INFO] (Minecraft) Resizing Dynamic Transforms UBO, capacity limit of 2 reached during a single frame. New capacity will be 4.
[13:31:40] [Render thread/INFO] (Minecraft) Resizing Dynamic Transforms UBO, capacity limit of 4 reached during a single frame. New capacity will be 8.
[13:31:40] [Render thread/INFO] (Minecraft) Resizing Chunk Sections UBO, capacity limit of 2 reached during a single frame. New capacity will be 8.
[13:31:40] [Render thread/INFO] (Minecraft) Resizing Chunk Sections UBO, capacity limit of 8 reached during a single frame. New capacity will be 16.
[13:31:40] [Render thread/INFO] (Minecraft) Resizing Chunk Sections UBO, capacity limit of 16 reached during a single frame. New capacity will be 32.
[13:31:40] [Render thread/INFO] (Minecraft) Resizing Chunk Sections UBO, capacity limit of 32 reached during a single frame. New capacity will be 64.
[13:31:40] [Render thread/INFO] (Minecraft) Resizing Chunk Sections UBO, capacity limit of 64 reached during a single frame. New capacity will be 128.
[13:31:41] [Render thread/INFO] (Minecraft) Resizing Chunk Sections UBO, capacity limit of 128 reached during a single frame. New capacity will be 256.
[13:31:50] [Render thread/INFO] (Minecraft) Loaded 6 advancements
[13:31:52] [Render thread/INFO] (Minecraft) Resizing Chunk Sections UBO, capacity limit of 256 reached during a single frame. New capacity will be 512.
[13:32:01] [Server thread/INFO] (Minecraft) Saving and pausing game...
[13:32:02] [Server thread/INFO] (Minecraft) Saving chunks for level 'ServerLevel[test]'/minecraft:overworld
[13:32:02] [Server thread/INFO] (Minecraft) Saving chunks for level 'ServerLevel[test]'/minecraft:the_end
[13:32:02] [Server thread/INFO] (Minecraft) Saving chunks for level 'ServerLevel[test]'/minecraft:the_nether
[13:32:03] [Server thread/INFO] (Minecraft) Player824 lost connection: 连接中断
[13:32:03] [Server thread/INFO] (Minecraft) Player824退出了游戏
[13:32:03] [Server thread/INFO] (Minecraft) Stopping singleplayer server as player logged out
[13:32:03] [Server thread/INFO] (Minecraft) Stopping server
[13:32:03] [Server thread/INFO] (Minecraft) Saving players
[13:32:03] [Server thread/INFO] (Minecraft) Saving worlds
[13:32:03] [Server thread/INFO] (Minecraft) Saving chunks for level 'ServerLevel[test]'/minecraft:overworld
[13:32:05] [Server thread/INFO] (Minecraft) Saving chunks for level 'ServerLevel[test]'/minecraft:the_end
[13:32:05] [Server thread/INFO] (Minecraft) Saving chunks for level 'ServerLevel[test]'/minecraft:the_nether
[13:32:05] [Server thread/INFO] (Minecraft) ThreadedAnvilChunkStorage (test): All chunks are saved
[13:32:05] [Server thread/INFO] (Minecraft) ThreadedAnvilChunkStorage (DIM1): All chunks are saved
[13:32:05] [Server thread/INFO] (Minecraft) ThreadedAnvilChunkStorage (DIM-1): All chunks are saved
[13:32:05] [Server thread/INFO] (Minecraft) ThreadedAnvilChunkStorage: All dimensions are saved
[13:33:54] [Render thread/INFO] (Minecraft) Loaded 1470 recipes
[13:33:54] [Render thread/INFO] (Minecraft) Loaded 1584 advancements
[13:33:54] [Render thread/INFO] (BiomeModificationImpl) Applied 0 biome modifications to 0 of 65 new biomes in 1.074 ms
[13:33:54] [Server thread/INFO] (Minecraft) Starting integrated minecraft server version 1.21.11
[13:33:54] [Server thread/INFO] (Minecraft) Generating keypair
[13:33:54] [Server thread/INFO] (Minecraft) Loading 0 persistent chunks...
[13:33:54] [Server thread/INFO] (Minecraft) Loading 49 chunks for player spawn...
[13:33:54] [Server thread/INFO] (Minecraft) 准备生成区域中：16%
[13:33:54] [Server thread/INFO] (Minecraft) Time elapsed: 212 ms
[13:33:55] [Server thread/INFO] (Minecraft) Player824[local:E:b1cde9dd] logged in with entity id 69 at (2.4200269726838752, -57.50609251977052, 8.643585331731812)
[13:33:55] [Server thread/INFO] (Minecraft) Player824加入了游戏
[13:33:55] [Server thread/INFO] (Minecraft) Changing view distance to 16, from 10
[13:33:55] [Server thread/INFO] (Minecraft) Changing simulation distance to 12, from 0
[13:33:55] [Render thread/INFO] (Minecraft) [System] [CHAT] playerData:null
[13:33:55] [Render thread/INFO] (Minecraft) Loaded 6 advancements
[13:33:56] [Render thread/INFO] (sky_peng_mod) originalDuration: 32.0
[13:33:56] [Render thread/INFO] (sky_peng_mod) originalDuration: 32.0
[13:33:56] [Render thread/INFO] (sky_peng_mod) originalDuration: 32.0
[13:33:56] [Render thread/INFO] (sky_peng_mod) originalDuration: 32.0
[13:33:56] [Render thread/INFO] (sky_peng_mod) originalDuration: 32.0
[13:33:56] [Render thread/INFO] (sky_peng_mod) originalDuration: 32.0
[13:33:56] [Render thread/INFO] (sky_peng_mod) originalDuration: 32.0
[13:33:56] [Server thread/INFO] (sky_peng_mod) originalDuration: 32.0
[13:33:56] [Server thread/INFO] (sky_peng_mod) originalDuration: 32.0
[13:33:56] [Server thread/INFO] (sky_peng_mod) originalDuration: 32.0
[13:33:56] [Render thread/INFO] (sky_peng_mod) originalDuration: 32.0
[13:33:56] [Render thread/INFO] (sky_peng_mod) originalDuration: 32.0
[13:33:56] [Render thread/INFO] (sky_peng_mod) originalDuration: 32.0
[13:33:56] [Render thread/INFO] (sky_peng_mod) originalDuration: 32.0
[13:33:56] [Render thread/INFO] (sky_peng_mod) originalDuration: 32.0
[13:33:56] [Render thread/INFO] (sky_peng_mod) originalDuration: 32.0
[13:33:56] [Render thread/INFO] (sky_peng_mod) originalDuration: 32.0
[13:33:56] [Render thread/INFO] (sky_peng_mod) originalDuration: 32.0
[13:33:56] [Render thread/INFO] (sky_peng_mod) originalDuration: 32.0
[13:33:56] [Render thread/INFO] (sky_peng_mod) originalDuration: 32.0
[13:33:56] [Render thread/INFO] (sky_peng_mod) originalDuration: 32.0
[13:33:56] [Render thread/INFO] (sky_peng_mod) originalDuration: 32.0
[13:33:56] [Render thread/INFO] (sky_peng_mod) originalDuration: 32.0
[13:33:56] [Render thread/INFO] (sky_peng_mod) originalDuration: 32.0
[13:33:56] [Render thread/INFO] (sky_peng_mod) originalDuration: 32.0
[13:33:56] [Render thread/INFO] (sky_peng_mod) originalDuration: 32.0
[13:33:56] [Render thread/INFO] (sky_peng_mod) originalDuration: 32.0
[13:33:56] [Render thread/INFO] (sky_peng_mod) originalDuration: 32.0
[13:33:56] [Render thread/INFO] (sky_peng_mod) originalDuration: 32.0
[13:33:56] [Render thread/INFO] (sky_peng_mod) originalDuration: 32.0
[13:33:56] [Render thread/INFO] (sky_peng_mod) originalDuration: 32.0
[13:33:56] [Render thread/INFO] (sky_peng_mod) originalDuration: 32.0
[13:33:56] [Render thread/INFO] (sky_peng_mod) originalDuration: 32.0
[13:33:56] [Render thread/INFO] (sky_peng_mod) originalDuration: 32.0
[13:33:56] [Render thread/INFO] (sky_peng_mod) originalDuration: 32.0
[13:33:56] [Render thread/INFO] (sky_peng_mod) originalDuration: 32.0
[13:33:56] [Render thread/INFO] (sky_peng_mod) originalDuration: 32.0
[13:33:56] [Render thread/INFO] (sky_peng_mod) originalDuration: 32.0
[13:33:56] [Render thread/INFO] (sky_peng_mod) originalDuration: 32.0
[13:33:56] [Render thread/INFO] (sky_peng_mod) originalDuration: 32.0
[13:33:56] [Render thread/INFO] (sky_peng_mod) originalDuration: 32.0
[13:33:56] [Render thread/INFO] (sky_peng_mod) originalDuration: 32.0
[13:33:56] [Render thread/INFO] (sky_peng_mod) originalDuration: 32.0
[13:33:56] [Render thread/INFO] (sky_peng_mod) originalDuration: 32.0
[13:33:56] [Render thread/INFO] (sky_peng_mod) originalDuration: 32.0
[13:33:56] [Render thread/INFO] (sky_peng_mod) originalDuration: 32.0
[13:33:56] [Render thread/INFO] (sky_peng_mod) originalDuration: 32.0
[13:33:56] [Render thread/INFO] (sky_peng_mod) originalDuration: 32.0
[13:33:56] [Render thread/INFO] (sky_peng_mod) originalDuration: 32.0
[13:33:56] [Render thread/INFO] (sky_peng_mod) originalDuration: 32.0
[13:33:56] [Render thread/INFO] (sky_peng_mod) originalDuration: 32.0
[13:33:56] [Render thread/INFO] (sky_peng_mod) originalDuration: 32.0
[13:33:56] [Render thread/INFO] (sky_peng_mod) originalDuration: 32.0
[13:33:56] [Render thread/INFO] (sky_peng_mod) originalDuration: 32.0
[13:33:56] [Render thread/INFO] (sky_peng_mod) originalDuration: 32.0
[13:33:56] [Render thread/INFO] (sky_peng_mod) originalDuration: 32.0
[13:33:56] [Render thread/INFO] (sky_peng_mod) originalDuration: 32.0
[13:33:56] [Render thread/INFO] (sky_peng_mod) originalDuration: 32.0
[13:33:56] [Render thread/INFO] (sky_peng_mod) originalDuration: 32.0
[13:33:56] [Render thread/INFO] (sky_peng_mod) originalDuration: 32.0
[13:33:56] [Render thread/INFO] (sky_peng_mod) originalDuration: 32.0
[13:33:56] [Render thread/INFO] (sky_peng_mod) originalDuration: 32.0
[13:33:56] [Render thread/INFO] (sky_peng_mod) originalDuration: 32.0
[13:33:56] [Render thread/INFO] (sky_peng_mod) originalDuration: 32.0
[13:33:56] [Render thread/INFO] (sky_peng_mod) originalDuration: 32.0
[13:33:56] [Render thread/INFO] (sky_peng_mod) originalDuration: 32.0
[13:33:56] [Render thread/INFO] (sky_peng_mod) originalDuration: 32.0
[13:33:56] [Render thread/INFO] (sky_peng_mod) originalDuration: 32.0
[13:33:56] [Render thread/INFO] (sky_peng_mod) originalDuration: 32.0
[13:33:56] [Render thread/INFO] (sky_peng_mod) originalDuration: 32.0
[13:33:56] [Render thread/INFO] (sky_peng_mod) originalDuration: 32.0
[13:33:56] [Render thread/INFO] (sky_peng_mod) originalDuration: 32.0
[13:33:56] [Render thread/INFO] (sky_peng_mod) originalDuration: 32.0
[13:33:56] [Render thread/INFO] (sky_peng_mod) originalDuration: 32.0
[13:33:56] [Render thread/INFO] (sky_peng_mod) originalDuration: 32.0
[13:33:56] [Render thread/INFO] (sky_peng_mod) originalDuration: 32.0
[13:33:56] [Render thread/INFO] (sky_peng_mod) originalDuration: 32.0
[13:33:56] [Render thread/INFO] (sky_peng_mod) originalDuration: 32.0
[13:33:56] [Render thread/INFO] (sky_peng_mod) originalDuration: 32.0
[13:33:56] [Render thread/INFO] (sky_peng_mod) originalDuration: 32.0
[13:33:57] [Render thread/INFO] (sky_peng_mod) originalDuration: 32.0
[13:33:57] [Render thread/INFO] (sky_peng_mod) originalDuration: 32.0
[13:33:57] [Render thread/INFO] (sky_peng_mod) originalDuration: 32.0
[13:33:57] [Render thread/INFO] (sky_peng_mod) originalDuration: 32.0
[13:33:57] [Render thread/INFO] (sky_peng_mod) originalDuration: 32.0
[13:33:57] [Render thread/INFO] (sky_peng_mod) originalDuration: 32.0
[13:33:57] [Render thread/INFO] (sky_peng_mod) originalDuration: 32.0
[13:33:57] [Render thread/INFO] (sky_peng_mod) originalDuration: 32.0
[13:33:57] [Render thread/INFO] (sky_peng_mod) originalDuration: 32.0
[13:33:57] [Render thread/INFO] (sky_peng_mod) originalDuration: 32.0
[13:33:57] [Render thread/INFO] (sky_peng_mod) originalDuration: 32.0
[13:33:57] [Render thread/INFO] (sky_peng_mod) originalDuration: 32.0
[13:33:57] [Render thread/INFO] (sky_peng_mod) originalDuration: 32.0
[13:33:57] [Render thread/INFO] (sky_peng_mod) originalDuration: 32.0
[13:33:57] [Render thread/INFO] (sky_peng_mod) originalDuration: 32.0
[13:33:57] [Render thread/INFO] (sky_peng_mod) originalDuration: 32.0
[13:33:57] [Render thread/INFO] (sky_peng_mod) originalDuration: 32.0
[13:33:57] [Render thread/INFO] (sky_peng_mod) originalDuration: 32.0
[13:33:57] [Render thread/INFO] (sky_peng_mod) originalDuration: 32.0
[13:33:57] [Render thread/INFO] (sky_peng_mod) originalDuration: 32.0
[13:33:57] [Render thread/INFO] (sky_peng_mod) originalDuration: 32.0
[13:33:57] [Render thread/INFO] (sky_peng_mod) originalDuration: 32.0
[13:33:57] [Render thread/INFO] (sky_peng_mod) originalDuration: 32.0
[13:33:57] [Render thread/INFO] (sky_peng_mod) originalDuration: 32.0
[13:33:57] [Render thread/INFO] (sky_peng_mod) originalDuration: 32.0
[13:33:57] [Render thread/INFO] (sky_peng_mod) originalDuration: 32.0
[13:33:57] [Render thread/INFO] (sky_peng_mod) originalDuration: 32.0
[13:33:57] [Render thread/INFO] (sky_peng_mod) originalDuration: 32.0
[13:33:57] [Render thread/INFO] (sky_peng_mod) originalDuration: 32.0
[13:33:57] [Render thread/INFO] (sky_peng_mod) originalDuration: 32.0
[13:33:57] [Render thread/INFO] (sky_peng_mod) originalDuration: 32.0
[13:33:57] [Render thread/INFO] (sky_peng_mod) originalDuration: 32.0
[13:33:57] [Render thread/INFO] (sky_peng_mod) originalDuration: 32.0
[13:33:57] [Render thread/INFO] (sky_peng_mod) originalDuration: 32.0
[13:33:57] [Render thread/INFO] (Minecraft) [System] [CHAT] 已使用大果数量: 1
[13:33:57] [Render thread/INFO] (sky_peng_mod) originalDuration: 32.0
[13:33:57] [Render thread/INFO] (sky_peng_mod) originalDuration: 32.0
[13:33:57] [Render thread/INFO] (sky_peng_mod) originalDuration: 32.0
[13:33:57] [Render thread/INFO] (Minecraft) Loaded 27 advancements
[13:33:57] [Server thread/INFO] (sky_peng_mod) originalDuration: 32.0
[13:33:57] [Server thread/INFO] (sky_peng_mod) originalDuration: 32.0
[13:33:57] [Server thread/INFO] (sky_peng_mod) originalDuration: 32.0
[13:33:57] [Render thread/INFO] (sky_peng_mod) originalDuration: 32.0
[13:33:57] [Render thread/INFO] (sky_peng_mod) originalDuration: 32.0
[13:33:57] [Render thread/INFO] (sky_peng_mod) originalDuration: 32.0
[13:33:57] [Render thread/INFO] (sky_peng_mod) originalDuration: 32.0
[13:33:57] [Render thread/INFO] (sky_peng_mod) originalDuration: 32.0
[13:33:57] [Render thread/INFO] (sky_peng_mod) originalDuration: 32.0
[13:33:57] [Render thread/INFO] (sky_peng_mod) originalDuration: 32.0
[13:33:57] [Render thread/INFO] (sky_peng_mod) originalDuration: 32.0
[13:33:57] [Render thread/INFO] (sky_peng_mod) originalDuration: 32.0
[13:33:57] [Render thread/INFO] (sky_peng_mod) originalDuration: 32.0
[13:33:57] [Render thread/INFO] (sky_peng_mod) originalDuration: 32.0
[13:33:57] [Render thread/INFO] (sky_peng_mod) originalDuration: 32.0
[13:33:57] [Render thread/INFO] (sky_peng_mod) originalDuration: 32.0
[13:33:57] [Render thread/INFO] (sky_peng_mod) originalDuration: 32.0
[13:33:57] [Render thread/INFO] (sky_peng_mod) originalDuration: 32.0
[13:33:57] [Render thread/INFO] (sky_peng_mod) originalDuration: 32.0
[13:33:57] [Render thread/INFO] (sky_peng_mod) originalDuration: 32.0
[13:33:57] [Render thread/INFO] (sky_peng_mod) originalDuration: 32.0
[13:33:57] [Render thread/INFO] (sky_peng_mod) originalDuration: 32.0
[13:33:57] [Render thread/INFO] (sky_peng_mod) originalDuration: 32.0
[13:33:57] [Render thread/INFO] (sky_peng_mod) originalDuration: 32.0
[13:33:57] [Render thread/INFO] (sky_peng_mod) originalDuration: 32.0
[13:33:57] [Render thread/INFO] (sky_peng_mod) originalDuration: 32.0
[13:34:43] [Render thread/INFO] (sky_peng_mod) originalDuration: 0.0
[13:34:44] [Server thread/INFO] (sky_peng_mod) originalDuration: 0.0
[13:34:44] [Server thread/INFO] (sky_peng_mod) originalDuration: 0.0
[13:34:55] [Render thread/INFO] (Minecraft) Resizing Dynamic Transforms UBO, capacity limit of 8 reached during a single frame. New capacity will be 16.
[13:34:56] [Server thread/INFO] (Minecraft) Saving and pausing game...
[13:34:57] [Server thread/INFO] (Minecraft) Saving chunks for level 'ServerLevel[test]'/minecraft:overworld
[13:34:57] [Server thread/INFO] (Minecraft) Saving chunks for level 'ServerLevel[test]'/minecraft:the_end
[13:34:57] [Server thread/INFO] (Minecraft) Saving chunks for level 'ServerLevel[test]'/minecraft:the_nether
[13:34:58] [Server thread/INFO] (Minecraft) Player824 lost connection: 连接中断
[13:34:58] [Server thread/INFO] (Minecraft) Player824退出了游戏
[13:34:59] [Server thread/INFO] (Minecraft) Stopping singleplayer server as player logged out
[13:34:59] [Server thread/INFO] (Minecraft) Stopping server
[13:34:59] [Server thread/INFO] (Minecraft) Saving players
[13:34:59] [Server thread/INFO] (Minecraft) Saving worlds
[13:34:59] [Server thread/INFO] (Minecraft) Saving chunks for level 'ServerLevel[test]'/minecraft:overworld
[13:35:00] [Server thread/INFO] (Minecraft) Saving chunks for level 'ServerLevel[test]'/minecraft:the_end
[13:35:00] [Server thread/INFO] (Minecraft) Saving chunks for level 'ServerLevel[test]'/minecraft:the_nether
[13:35:00] [Server thread/INFO] (Minecraft) ThreadedAnvilChunkStorage (test): All chunks are saved
[13:35:00] [Server thread/INFO] (Minecraft) ThreadedAnvilChunkStorage (DIM1): All chunks are saved
[13:35:00] [Server thread/INFO] (Minecraft) ThreadedAnvilChunkStorage (DIM-1): All chunks are saved
[13:35:00] [Server thread/INFO] (Minecraft) ThreadedAnvilChunkStorage: All dimensions are saved
